// Jest Snapshot v1, https://goo.gl/fbAQLP

exports[`StyledInput Component smoke test 1`] = `
<StyledComponent
  forwardedComponent={
    Object {
      "$$typeof": Symbol(react.forward_ref),
      "attrs": Array [],
      "componentStyle": ComponentStyle {
        "componentId": "sc-htpNat",
        "isStatic": false,
        "rules": Array [
          "
  font-size: ",
          [Function],
          "px;
  color: ",
          [Function],
          ";
  border: 1px solid ",
          [Function],
          ";
  background-color: ",
          [Function],
          ";
  padding: ",
          [Function],
          ";
",
        ],
      },
      "displayName": "Styled(Component)",
      "foldedComponentIds": Array [],
      "render": [Function],
      "styledComponentId": "sc-htpNat",
      "target": Object {
        "$$typeof": Symbol(react.forward_ref),
        "render": [Function],
      },
      "toString": [Function],
      "warnTooManyClasses": [Function],
      "withComponent": [Function],
    }
  }
  forwardedRef={null}
/>
`;
