// Jest Snapshot v1, https://goo.gl/fbAQLP

exports[`EpisodePreview Component smoke test 1`] = `
<Styled(styled.div)
  flexDirection="column"
  variant="card"
>
  <BackgroundImage
    height={256}
    src="image.png"
  />
  <styled.div
    p={3}
  >
    <ForwardRef
      py={3}
      variant="h2"
    >
      title
    </ForwardRef>
    <ForwardRef
      variant="body"
    >
      text
    </ForwardRef>
  </styled.div>
</Styled(styled.div)>
`;
